Watching for file changes with StatReloader
Popen(['git', 'version'], cwd=D:\cicd\cicd_tool, stdin=None, shell=False, universal_newlines=False)
Popen(['git', 'version'], cwd=D:\cicd\cicd_tool, stdin=None, shell=False, universal_newlines=False)
Popen(['git', 'cat-file', '--batch-check'], cwd=D:\repos\testproject4.git, stdin=<valid stream>, shell=False, universal_newlines=False)
Popen(['git', 'cat-file', '--batch'], cwd=D:\repos\testproject4.git, stdin=<valid stream>, shell=False, universal_newlines=False)
Popen(['git', 'clone', '-v', '--', 'D:/repos/testproject4.git', 'C:\\Users\\karth\\AppData\\Local\\Temp\\tmpvpsl9qx3'], cwd=D:\cicd\cicd_tool, stdin=None, shell=False, universal_newlines=True)
Cmd(['git', 'clone', '-v', '--', 'D:/repos/testproject4.git', 'C:\\Users\\karth\\AppData\\Local\\Temp\\tmpvpsl9qx3'])'s unused stdout: 
Popen(['git', 'checkout', '-b', 'dev'], cwd=C:\Users\karth\AppData\Local\Temp\tmpvpsl9qx3, stdin=None, shell=False, universal_newlines=False)
Popen(['git', 'add', '-A'], cwd=C:\Users\karth\AppData\Local\Temp\tmpvpsl9qx3, stdin=None, shell=False, universal_newlines=False)
Popen(['git', 'status'], cwd=C:\Users\karth\AppData\Local\Temp\tmpvpsl9qx3, stdin=None, shell=False, universal_newlines=False)
Popen(['git', 'cat-file', '--batch-check'], cwd=C:\Users\karth\AppData\Local\Temp\tmpvpsl9qx3, stdin=<valid stream>, shell=False, universal_newlines=False)
Popen(['git', 'cat-file', '--batch'], cwd=C:\Users\karth\AppData\Local\Temp\tmpvpsl9qx3, stdin=<valid stream>, shell=False, universal_newlines=False)
Popen(['git', 'push', '--set-upstream', 'origin', 'dev'], cwd=C:\Users\karth\AppData\Local\Temp\tmpvpsl9qx3, stdin=None, shell=False, universal_newlines=False)
Popen(['git', 'cat-file', '--batch-check'], cwd=D:\repos\testproject4.git, stdin=<valid stream>, shell=False, universal_newlines=False)
Popen(['git', 'cat-file', '--batch'], cwd=D:\repos\testproject4.git, stdin=<valid stream>, shell=False, universal_newlines=False)
D:\cicd\cicd_tool\gitmgmt\views.py changed, reloading.
Watching for file changes with StatReloader
Popen(['git', 'version'], cwd=D:\cicd\cicd_tool, stdin=None, shell=False, universal_newlines=False)
Popen(['git', 'version'], cwd=D:\cicd\cicd_tool, stdin=None, shell=False, universal_newlines=False)
D:\cicd\cicd_tool\gitmgmt\views.py changed, reloading.
Watching for file changes with StatReloader
Popen(['git', 'version'], cwd=D:\cicd\cicd_tool, stdin=None, shell=False, universal_newlines=False)
Popen(['git', 'version'], cwd=D:\cicd\cicd_tool, stdin=None, shell=False, universal_newlines=False)
D:\cicd\cicd_tool\gitmgmt\views.py changed, reloading.
Watching for file changes with StatReloader
Popen(['git', 'version'], cwd=D:\cicd\cicd_tool, stdin=None, shell=False, universal_newlines=False)
Popen(['git', 'version'], cwd=D:\cicd\cicd_tool, stdin=None, shell=False, universal_newlines=False)
D:\cicd\cicd_tool\gitmgmt\views.py changed, reloading.
Watching for file changes with StatReloader
Popen(['git', 'version'], cwd=D:\cicd\cicd_tool, stdin=None, shell=False, universal_newlines=False)
Popen(['git', 'version'], cwd=D:\cicd\cicd_tool, stdin=None, shell=False, universal_newlines=False)
D:\cicd\cicd_tool\gitmgmt\views.py changed, reloading.
Watching for file changes with StatReloader
Popen(['git', 'version'], cwd=D:\cicd\cicd_tool, stdin=None, shell=False, universal_newlines=False)
Popen(['git', 'version'], cwd=D:\cicd\cicd_tool, stdin=None, shell=False, universal_newlines=False)
D:\cicd\cicd_tool\gitmgmt\views.py changed, reloading.
Watching for file changes with StatReloader
Popen(['git', 'version'], cwd=D:\cicd\cicd_tool, stdin=None, shell=False, universal_newlines=False)
Popen(['git', 'version'], cwd=D:\cicd\cicd_tool, stdin=None, shell=False, universal_newlines=False)
D:\cicd\cicd_tool\gitmgmt\views.py changed, reloading.
Watching for file changes with StatReloader
Popen(['git', 'version'], cwd=D:\cicd\cicd_tool, stdin=None, shell=False, universal_newlines=False)
Popen(['git', 'version'], cwd=D:\cicd\cicd_tool, stdin=None, shell=False, universal_newlines=False)
D:\cicd\cicd_tool\gitmgmt\views.py changed, reloading.
Watching for file changes with StatReloader
Popen(['git', 'version'], cwd=D:\cicd\cicd_tool, stdin=None, shell=False, universal_newlines=False)
Popen(['git', 'version'], cwd=D:\cicd\cicd_tool, stdin=None, shell=False, universal_newlines=False)
Popen(['git', 'cat-file', '--batch-check'], cwd=D:\repos\testproject4.git, stdin=<valid stream>, shell=False, universal_newlines=False)
Popen(['git', 'cat-file', '--batch'], cwd=D:\repos\testproject4.git, stdin=<valid stream>, shell=False, universal_newlines=False)
Popen(['git', 'cat-file', '--batch-check'], cwd=D:\repos\testproject4.git, stdin=<valid stream>, shell=False, universal_newlines=False)
Popen(['git', 'cat-file', '--batch'], cwd=D:\repos\testproject4.git, stdin=<valid stream>, shell=False, universal_newlines=False)
Watching for file changes with StatReloader
Popen(['git', 'version'], cwd=D:\cicd\cicd_tool, stdin=None, shell=False, universal_newlines=False)
Popen(['git', 'version'], cwd=D:\cicd\cicd_tool, stdin=None, shell=False, universal_newlines=False)
Popen(['git', 'cat-file', '--batch-check'], cwd=D:\repos\testproject4.git, stdin=<valid stream>, shell=False, universal_newlines=False)
Popen(['git', 'cat-file', '--batch'], cwd=D:\repos\testproject4.git, stdin=<valid stream>, shell=False, universal_newlines=False)
Popen(['git', 'clone', '-v', '--', 'D:/repos/testproject4.git', 'C:\\Users\\karth\\AppData\\Local\\Temp\\tmp9acd3bpf'], cwd=D:\cicd\cicd_tool, stdin=None, shell=False, universal_newlines=True)
Cmd(['git', 'clone', '-v', '--', 'D:/repos/testproject4.git', 'C:\\Users\\karth\\AppData\\Local\\Temp\\tmp9acd3bpf'])'s unused stdout: 
Popen(['git', 'fetch', '--all'], cwd=C:\Users\karth\AppData\Local\Temp\tmp9acd3bpf, stdin=None, shell=False, universal_newlines=False)
Popen(['git', 'branch', '-r'], cwd=C:\Users\karth\AppData\Local\Temp\tmp9acd3bpf, stdin=None, shell=False, universal_newlines=False)
Popen(['git', 'checkout', '-B', 'dev', 'origin/dev'], cwd=C:\Users\karth\AppData\Local\Temp\tmp9acd3bpf, stdin=None, shell=False, universal_newlines=False)
Popen(['git', 'add', '-A'], cwd=C:\Users\karth\AppData\Local\Temp\tmp9acd3bpf, stdin=None, shell=False, universal_newlines=False)
Popen(['git', 'status'], cwd=C:\Users\karth\AppData\Local\Temp\tmp9acd3bpf, stdin=None, shell=False, universal_newlines=False)
Popen(['git', 'cat-file', '--batch-check'], cwd=C:\Users\karth\AppData\Local\Temp\tmp9acd3bpf, stdin=<valid stream>, shell=False, universal_newlines=False)
Popen(['git', 'cat-file', '--batch'], cwd=C:\Users\karth\AppData\Local\Temp\tmp9acd3bpf, stdin=<valid stream>, shell=False, universal_newlines=False)
Popen(['git', 'push', 'origin', 'dev'], cwd=C:\Users\karth\AppData\Local\Temp\tmp9acd3bpf, stdin=None, shell=False, universal_newlines=False)
Popen(['git', 'cat-file', '--batch-check'], cwd=D:\repos\testproject4.git, stdin=<valid stream>, shell=False, universal_newlines=False)
Popen(['git', 'cat-file', '--batch'], cwd=D:\repos\testproject4.git, stdin=<valid stream>, shell=False, universal_newlines=False)
Popen(['git', 'cat-file', '--batch-check'], cwd=D:\repos\testproject4.git, stdin=<valid stream>, shell=False, universal_newlines=False)
Popen(['git', 'cat-file', '--batch'], cwd=D:\repos\testproject4.git, stdin=<valid stream>, shell=False, universal_newlines=False)
Popen(['git', 'cat-file', '--batch-check'], cwd=D:\repos\testproject4.git, stdin=<valid stream>, shell=False, universal_newlines=False)
Popen(['git', 'rev-list', '910bdbb425c9bddf202d3c4a2c522c6ca4faf373', '--'], cwd=D:\repos\testproject4.git, stdin=None, shell=False, universal_newlines=False)
Popen(['git', 'cat-file', '--batch'], cwd=D:\repos\testproject4.git, stdin=<valid stream>, shell=False, universal_newlines=False)
Successfully retrieved 5 logs for repository testproject4
Popen(['git', 'cat-file', '--batch-check'], cwd=D:\repos\testproject4.git, stdin=<valid stream>, shell=False, universal_newlines=False)
Popen(['git', 'cat-file', '--batch'], cwd=D:\repos\testproject4.git, stdin=<valid stream>, shell=False, universal_newlines=False)
D:\cicd\cicd_tool\gitmgmt\views.py changed, reloading.
Watching for file changes with StatReloader
Popen(['git', 'version'], cwd=D:\cicd\cicd_tool, stdin=None, shell=False, universal_newlines=False)
Popen(['git', 'version'], cwd=D:\cicd\cicd_tool, stdin=None, shell=False, universal_newlines=False)
Popen(['git', 'cat-file', '--batch-check'], cwd=D:\repos\testproject4.git, stdin=<valid stream>, shell=False, universal_newlines=False)
Popen(['git', 'cat-file', '--batch'], cwd=D:\repos\testproject4.git, stdin=<valid stream>, shell=False, universal_newlines=False)
Popen(['git', 'rev-list', '--max-count=50', 'main', '--'], cwd=D:\repos\testproject4.git, stdin=None, shell=False, universal_newlines=False)
Popen(['git', 'cat-file', '--batch'], cwd=D:\repos\testproject4.git, stdin=<valid stream>, shell=False, universal_newlines=False)
Retrieved 5 logs for repository testproject4 on branch main
Popen(['git', 'rev-list', '--max-count=50', 'main', '--'], cwd=D:\repos\testproject4.git, stdin=None, shell=False, universal_newlines=False)
Popen(['git', 'cat-file', '--batch'], cwd=D:\repos\testproject4.git, stdin=<valid stream>, shell=False, universal_newlines=False)
Retrieved 5 logs for repository testproject4 on branch main
Popen(['git', 'rev-list', '--max-count=50', 'main', '--'], cwd=D:\repos\testproject4.git, stdin=None, shell=False, universal_newlines=False)
Popen(['git', 'cat-file', '--batch'], cwd=D:\repos\testproject4.git, stdin=<valid stream>, shell=False, universal_newlines=False)
Retrieved 5 logs for repository testproject4 on branch main
GET request received for repo: testproject4, path: None
Handling service advertisement: git-upload-pack for repo: D:/repos\testproject4.git
Running command: git upload-pack --advertise-refs D:/repos\testproject4.git
POST request received for repo: testproject4, path: git-upload-pack
Handling service: git-upload-pack for repo: D:/repos\testproject4.git
Running command: git upload-pack --stateless-rpc D:/repos\testproject4.git
Popen(['git', 'cat-file', '--batch-check'], cwd=D:\repos\testproject4.git, stdin=<valid stream>, shell=False, universal_newlines=False)
Popen(['git', 'cat-file', '--batch'], cwd=D:\repos\testproject4.git, stdin=<valid stream>, shell=False, universal_newlines=False)
D:\cicd\cicd_tool\gitmgmt\views.py changed, reloading.
Watching for file changes with StatReloader
Popen(['git', 'version'], cwd=D:\cicd\cicd_tool, stdin=None, shell=False, universal_newlines=False)
Popen(['git', 'version'], cwd=D:\cicd\cicd_tool, stdin=None, shell=False, universal_newlines=False)
Popen(['git', 'cat-file', '--batch-check'], cwd=D:\repos\testproject4.git, stdin=<valid stream>, shell=False, universal_newlines=False)
Popen(['git', 'cat-file', '--batch'], cwd=D:\repos\testproject4.git, stdin=<valid stream>, shell=False, universal_newlines=False)
Popen(['git', 'fetch', '--all'], cwd=D:\repos\testproject4.git, stdin=None, shell=False, universal_newlines=False)
Popen(['git', 'rev-list', '--max-count=50', 'main', '--'], cwd=D:\repos\testproject4.git, stdin=None, shell=False, universal_newlines=False)
Popen(['git', 'cat-file', '--batch'], cwd=D:\repos\testproject4.git, stdin=<valid stream>, shell=False, universal_newlines=False)
Fetched 5 logs for repository testproject4 on branch main
Popen(['git', 'fetch', '--all'], cwd=D:\repos\testproject4.git, stdin=None, shell=False, universal_newlines=False)
Popen(['git', 'rev-list', '--max-count=50', 'main', '--'], cwd=D:\repos\testproject4.git, stdin=None, shell=False, universal_newlines=False)
Popen(['git', 'cat-file', '--batch'], cwd=D:\repos\testproject4.git, stdin=<valid stream>, shell=False, universal_newlines=False)
Fetched 5 logs for repository testproject4 on branch main
Popen(['git', 'cat-file', '--batch-check'], cwd=D:\repos\testproject4.git, stdin=<valid stream>, shell=False, universal_newlines=False)
Popen(['git', 'cat-file', '--batch'], cwd=D:\repos\testproject4.git, stdin=<valid stream>, shell=False, universal_newlines=False)
D:\cicd\cicd_tool\gitmgmt\views.py changed, reloading.
Watching for file changes with StatReloader
Popen(['git', 'version'], cwd=D:\cicd\cicd_tool, stdin=None, shell=False, universal_newlines=False)
Popen(['git', 'version'], cwd=D:\cicd\cicd_tool, stdin=None, shell=False, universal_newlines=False)
Popen(['git', 'fetch', '--all'], cwd=D:\repos\testproject4.git, stdin=None, shell=False, universal_newlines=False)
D:\cicd\cicd_tool\gitmgmt\views.py changed, reloading.
Watching for file changes with StatReloader
Popen(['git', 'version'], cwd=D:\cicd\cicd_tool, stdin=None, shell=False, universal_newlines=False)
Popen(['git', 'version'], cwd=D:\cicd\cicd_tool, stdin=None, shell=False, universal_newlines=False)
D:\cicd\cicd_tool\gitmgmt\views.py changed, reloading.
Watching for file changes with StatReloader
Popen(['git', 'version'], cwd=D:\cicd\cicd_tool, stdin=None, shell=False, universal_newlines=False)
Popen(['git', 'version'], cwd=D:\cicd\cicd_tool, stdin=None, shell=False, universal_newlines=False)
Popen(['git', 'fetch', '--all'], cwd=D:\repos\testproject4.git, stdin=None, shell=False, universal_newlines=False)
Popen(['git', 'fetch', '--all'], cwd=D:\repos\testproject4.git, stdin=None, shell=False, universal_newlines=False)
Popen(['git', 'fetch', '--all'], cwd=D:\repos\testproject4.git, stdin=None, shell=False, universal_newlines=False)
D:\cicd\cicd_tool\gitmgmt\views.py changed, reloading.
Watching for file changes with StatReloader
Popen(['git', 'version'], cwd=D:\cicd\cicd_tool, stdin=None, shell=False, universal_newlines=False)
Popen(['git', 'version'], cwd=D:\cicd\cicd_tool, stdin=None, shell=False, universal_newlines=False)
Popen(['git', 'cat-file', '--batch-check'], cwd=D:\repos\testproject4.git, stdin=<valid stream>, shell=False, universal_newlines=False)
Popen(['git', 'cat-file', '--batch'], cwd=D:\repos\testproject4.git, stdin=<valid stream>, shell=False, universal_newlines=False)
Popen(['git', 'cat-file', '--batch-check'], cwd=D:\repos\testproject4.git, stdin=<valid stream>, shell=False, universal_newlines=False)
Popen(['git', 'cat-file', '--batch'], cwd=D:\repos\testproject4.git, stdin=<valid stream>, shell=False, universal_newlines=False)
Popen(['git', 'cat-file', '--batch-check'], cwd=D:\repos\testproject4.git, stdin=<valid stream>, shell=False, universal_newlines=False)
Popen(['git', 'cat-file', '--batch'], cwd=D:\repos\testproject4.git, stdin=<valid stream>, shell=False, universal_newlines=False)
Agent LAPTOP-7CPI1OEH marked as offline.
Popen(['git', 'cat-file', '--batch-check'], cwd=D:\repos\testproject4.git, stdin=<valid stream>, shell=False, universal_newlines=False)
Popen(['git', 'cat-file', '--batch'], cwd=D:\repos\testproject4.git, stdin=<valid stream>, shell=False, universal_newlines=False)
Popen(['git', 'cat-file', '--batch-check'], cwd=D:\repos\testproject4.git, stdin=<valid stream>, shell=False, universal_newlines=False)
Popen(['git', 'cat-file', '--batch'], cwd=D:\repos\testproject4.git, stdin=<valid stream>, shell=False, universal_newlines=False)
Popen(['git', 'fetch', '--all'], cwd=D:\repos\testproject4.git, stdin=None, shell=False, universal_newlines=False)
Popen(['git', 'rev-list', '--max-count=50', 'main', '--'], cwd=D:\repos\testproject4.git, stdin=None, shell=False, universal_newlines=False)
Popen(['git', 'cat-file', '--batch'], cwd=D:\repos\testproject4.git, stdin=<valid stream>, shell=False, universal_newlines=False)
Fetched 5 logs for repository testproject4 on branch main
Popen(['git', 'cat-file', '--batch-check'], cwd=D:\repos\testproject4.git, stdin=<valid stream>, shell=False, universal_newlines=False)
Popen(['git', 'cat-file', '--batch'], cwd=D:\repos\testproject4.git, stdin=<valid stream>, shell=False, universal_newlines=False)
D:\cicd\cicd_tool\gitmgmt\views.py changed, reloading.
Watching for file changes with StatReloader
Popen(['git', 'version'], cwd=D:\cicd\cicd_tool, stdin=None, shell=False, universal_newlines=False)
Popen(['git', 'version'], cwd=D:\cicd\cicd_tool, stdin=None, shell=False, universal_newlines=False)
Popen(['git', 'cat-file', '--batch-check'], cwd=D:\repos\testproject4.git, stdin=<valid stream>, shell=False, universal_newlines=False)
Popen(['git', 'cat-file', '--batch'], cwd=D:\repos\testproject4.git, stdin=<valid stream>, shell=False, universal_newlines=False)
Popen(['git', 'cat-file', '--batch-check'], cwd=D:\repos\testproject4.git, stdin=<valid stream>, shell=False, universal_newlines=False)
Popen(['git', 'cat-file', '--batch'], cwd=D:\repos\testproject4.git, stdin=<valid stream>, shell=False, universal_newlines=False)
D:\cicd\cicd_tool\gitmgmt\views.py changed, reloading.
Watching for file changes with StatReloader
Popen(['git', 'version'], cwd=D:\cicd\cicd_tool, stdin=None, shell=False, universal_newlines=False)
Popen(['git', 'version'], cwd=D:\cicd\cicd_tool, stdin=None, shell=False, universal_newlines=False)
D:\cicd\cicd_tool\gitmgmt\urls.py changed, reloading.
Watching for file changes with StatReloader
Popen(['git', 'version'], cwd=D:\cicd\cicd_tool, stdin=None, shell=False, universal_newlines=False)
Popen(['git', 'version'], cwd=D:\cicd\cicd_tool, stdin=None, shell=False, universal_newlines=False)
D:\cicd\cicd_tool\gitmgmt\urls.py changed, reloading.
Watching for file changes with StatReloader
Popen(['git', 'version'], cwd=D:\cicd\cicd_tool, stdin=None, shell=False, universal_newlines=False)
Popen(['git', 'version'], cwd=D:\cicd\cicd_tool, stdin=None, shell=False, universal_newlines=False)
D:\cicd\cicd_tool\gitmgmt\urls.py changed, reloading.
Watching for file changes with StatReloader
Popen(['git', 'version'], cwd=D:\cicd\cicd_tool, stdin=None, shell=False, universal_newlines=False)
Popen(['git', 'version'], cwd=D:\cicd\cicd_tool, stdin=None, shell=False, universal_newlines=False)
D:\cicd\cicd_tool\gitmgmt\views.py changed, reloading.
Watching for file changes with StatReloader
Popen(['git', 'version'], cwd=D:\cicd\cicd_tool, stdin=None, shell=False, universal_newlines=False)
Popen(['git', 'version'], cwd=D:\cicd\cicd_tool, stdin=None, shell=False, universal_newlines=False)
D:\cicd\cicd_tool\gitmgmt\views.py changed, reloading.
Watching for file changes with StatReloader
Popen(['git', 'version'], cwd=D:\cicd\cicd_tool, stdin=None, shell=False, universal_newlines=False)
Popen(['git', 'version'], cwd=D:\cicd\cicd_tool, stdin=None, shell=False, universal_newlines=False)
D:\cicd\cicd_tool\gitmgmt\views.py changed, reloading.
Watching for file changes with StatReloader
Popen(['git', 'version'], cwd=D:\cicd\cicd_tool, stdin=None, shell=False, universal_newlines=False)
Popen(['git', 'version'], cwd=D:\cicd\cicd_tool, stdin=None, shell=False, universal_newlines=False)
